[template.makedreamwebsite.com/advanced-slider-with-card-carousel/index.html]
[backblue.gif]
[fade.gif]
[index.html]
[code.jquery.com/jquery-3.6.0.min.js]
[template.makedreamwebsite.com/wp-content/uploads/2022/08/photo-1505144808419-1957a94ca61e-1.jpg]
[template.makedreamwebsite.com/wp-content/uploads/2022/08/qingbao-meng-01_igFr7hd4-unsplash-1.jpg]
[template.makedreamwebsite.com/wp-content/uploads/2022/08/benjamin-voros-phIFdC6lA4E-unsplash-1.jpg]
[template.makedreamwebsite.com/wp-content/uploads/2022/08/freddie-addery-73IJOcPbbwM-unsplash-1.jpg]
[template.makedreamwebsite.com/wp-content/uploads/2022/08/v2osk-iVjKHVVmzec-unsplash-1.jpg]
[template.makedreamwebsite.com/wp-content/themes/astra/assets/js/minified/frontend.min688f.js]
[template.makedreamwebsite.com/wp-includes/js/imagesloaded.mineda1.js]
[template.makedreamwebsite.com/wp-content/plugins/elementor-pro/assets/js/webpack-pro.runtime.min3fd0.js]
[template.makedreamwebsite.com/wp-content/plugins/elementor/assets/js/webpack.runtime.minb73d.js]
[template.makedreamwebsite.com/wp-includes/js/jquery/jquery.min3088.js]
[template.makedreamwebsite.com/wp-includes/js/jquery/jquery-migrate.min5589.js]
[template.makedreamwebsite.com/wp-content/plugins/elementor/assets/js/frontend-modules.minb73d.js]
[template.makedreamwebsite.com/wp-includes/js/dist/vendor/wp-polyfill-inert.min0226.js]
[template.makedreamwebsite.com/wp-includes/js/dist/vendor/regenerator-runtime.min8fa4.js]
[template.makedreamwebsite.com/wp-includes/js/dist/vendor/wp-polyfill.min2c7c.js]
[template.makedreamwebsite.com/wp-includes/js/dist/hooks.min2ebd.js]
[template.makedreamwebsite.com/wp-includes/js/dist/i18n.minf92f.js]
[template.makedreamwebsite.com/wp-content/plugins/elementor-pro/assets/js/frontend.min3fd0.js]
[template.makedreamwebsite.com/wp-content/plugins/elementor/assets/lib/waypoints/waypoints.min05da.js]
[template.makedreamwebsite.com/wp-includes/js/jquery/ui/core.min3f14.js]
[template.makedreamwebsite.com/wp-content/plugins/elementor/assets/js/frontend.minb73d.js]
[template.makedreamwebsite.com/wp-content/plugins/elementor-pro/assets/js/elements-handlers.min3fd0.js]
[template.makedreamwebsite.com/advanced-slider-with-card-carousel/index.html]
[template.makedreamwebsite.com/wp-content/themes/astra/assets/css/minified/main.min688f.css]
[template.makedreamwebsite.com/wp-includes/css/dist/block-library/style.min9b30.css]
[template.makedreamwebsite.com/wp-content/plugins/elementor/assets/lib/eicons/css/elementor-icons.mind618.css]
[template.makedreamwebsite.com/wp-content/plugins/elementor/assets/css/frontend-lite.minb73d.css]
[template.makedreamwebsite.com/wp-content/plugins/elementor/assets/lib/swiper/css/swiper.min48f5.css]
[template.makedreamwebsite.com/wp-content/uploads/elementor/css/post-56c06.css]
[template.makedreamwebsite.com/wp-content/plugins/elementor-pro/assets/css/frontend-lite.min3fd0.css]
[template.makedreamwebsite.com/wp-content/uploads/elementor/css/global335c.css]
[template.makedreamwebsite.com/wp-content/uploads/elementor/css/post-6420344.css]
[template.makedreamwebsite.com/wp-content/plugins/elementor/assets/lib/font-awesome/css/fontawesome.min52d5.css]
[template.makedreamwebsite.com/wp-content/plugins/elementor/assets/lib/font-awesome/css/solid.min52d5.css]
[template.makedreamwebsite.com/wp-content/plugins/elementor-pro/assets/css/widget-carousel.min.css]
